2022-10-17T17:06:13.693+0800	DEBUG	zapLog/use.go:48	Trying to hit GET request for www.sogo.com
2022-10-17T17:06:13.694+0800	ERROR	zapLog/use.go:51	Error fetching URL www.sogo.com : Error = Get "www.sogo.com": unsupported protocol scheme ""
2022-10-17T17:06:13.694+0800	DEBUG	zapLog/use.go:48	Trying to hit GET request for http://www.sogo.com
2022-10-17T17:06:14.048+0800	INFO	zapLog/use.go:53	Success! statusCode = 200 OK for URL http://www.sogo.com
